#-----------------------------------------------------------
# Webtalk v2021.1 (64-bit)
# SW Build 3247384 on Thu Jun 10 19:36:33 MDT 2021
# IP Build 3246043 on Fri Jun 11 00:30:35 MDT 2021
# Start of session at: Sun Jul 24 17:08:33 2022
# Process ID: 7680
# Current directory: C:/Users/HIBIKI/Desktop/New_LAB612_Training/Week 4/ICC_2019-master/IMG_convolution/IMG_convolution.sim/sim_1/behav/xsim
# Command line: wbtcv.exe -mode batch -source C:/Users/HIBIKI/Desktop/New_LAB612_Training/Week 4/ICC_2019-master/IMG_convolution/IMG_convolution.sim/sim_1/behav/xsim/xsim.dir/testfixture_behav/webtalk/xsim_webtalk.tcl -notrace
# Log file: C:/Users/HIBIKI/Desktop/New_LAB612_Training/Week 4/ICC_2019-master/IMG_convolution/IMG_convolution.sim/sim_1/behav/xsim/webtalk.log
# Journal file: C:/Users/HIBIKI/Desktop/New_LAB612_Training/Week 4/ICC_2019-master/IMG_convolution/IMG_convolution.sim/sim_1/behav/xsim\webtalk.jou
#-----------------------------------------------------------
source C:/Users/HIBIKI/Desktop/New_LAB612_Training/Week -notrace
